Microsoft Windows [Version 10.0.17134.165]
(c) 2018 Microsoft Corporation. Todos os direitos reservados.

C:\Users\gui_s>jupyter nbconvert.register_preprocessor('CustomPreprocessor.CustomPreprocessor')
Error executing Jupyter command "nbconvert.register_preprocessor('CustomPreprocessor.CustomPreprocessor')": [Errno "jupyter-nbconvert.register_preprocessor('CustomPreprocessor.CustomPreprocessor')" not found] 2

C:\Users\gui_s>jupyter nbconvert.register_preprocessor()
Error executing Jupyter command 'nbconvert.register_preprocessor()': [Errno 'jupyter-nbconvert.register_preprocessor()' not found] 2

C:\Users\gui_s>jupyter nbconvert register_preprocessor()
[NbConvertApp] WARNING | pattern 'register_preprocessor()' matched no files
This application is used to convert notebook files (*.ipynb) to various other
formats.

WARNING: THE COMMANDLINE INTERFACE MAY CHANGE IN FUTURE RELEASES.

Options
-------

Arguments that take values are actually convenience aliases to full
Configurables, whose aliases are listed on the help line. For more information
on full configurables, see '--help-all'.

--debug
    set log level to logging.DEBUG (maximize logging output)
--generate-config
    generate default config file
-y
    Answer yes to any questions instead of prompting.
--execute
    Execute the notebook prior to export.
--allow-errors
    Continue notebook execution even if one of the cells throws an error and include the error message in the cell output (the default behaviour is to abort conversion). This flag is only relevant if '--execute' was specified, too.
--stdin
    read a single notebook file from stdin. Write the resulting notebook with default basename 'notebook.*'
--stdout
    Write notebook output to stdout instead of files.
--inplace
    Run nbconvert in place, overwriting the existing notebook (only
    relevant when converting to notebook format)
--clear-output
    Clear output of current file and save in place,
    overwriting the existing notebook.
--no-prompt
    Exclude input and output prompts from converted document.
--log-level=<Enum> (Application.log_level)
    Default: 30
    Choices: (0, 10, 20, 30, 40, 50, 'DEBUG', 'INFO', 'WARN', 'ERROR', 'CRITICAL')
    Set the log level by value or name.
--config=<Unicode> (JupyterApp.config_file)
    Default: ''
    Full path of a config file.
--to=<Unicode> (NbConvertApp.export_format)
    Default: 'html'
    The export format to be used, either one of the built-in formats, or a
    dotted object name that represents the import path for an `Exporter` class
--template=<Unicode> (TemplateExporter.template_file)
    Default: ''
    Name of the template file to use
--writer=<DottedObjectName> (NbConvertApp.writer_class)
    Default: 'FilesWriter'
    Writer class used to write the  results of the conversion
--post=<DottedOrNone> (NbConvertApp.postprocessor_class)
    Default: ''
    PostProcessor class used to write the results of the conversion
--output=<Unicode> (NbConvertApp.output_base)
    Default: ''
    overwrite base name use for output files. can only be used when converting
    one notebook at a time.
--output-dir=<Unicode> (FilesWriter.build_directory)
    Default: ''
    Directory to write output(s) to. Defaults to output to the directory of each
    notebook. To recover previous default behaviour (outputting to the current
    working directory) use . as the flag value.
--reveal-prefix=<Unicode> (SlidesExporter.reveal_url_prefix)
    Default: ''
    The URL prefix for reveal.js. This can be a a relative URL for a local copy
    of reveal.js, or point to a CDN.
    For speaker notes to work, a local reveal.js prefix must be used.
--nbformat=<Enum> (NotebookExporter.nbformat_version)
    Default: 4
    Choices: [1, 2, 3, 4]
    The nbformat version to write. Use this to downgrade notebooks.

To see all available configurables, use `--help-all`

Examples
--------

    The simplest way to use nbconvert is

    > jupyter nbconvert mynotebook.ipynb

    which will convert mynotebook.ipynb to the default format (probably HTML).

    You can specify the export format with `--to`.
    Options include ['asciidoc', 'custom', 'html', 'latex', 'markdown', 'notebook', 'pdf', 'python', 'rst', 'script', 'slides']

    > jupyter nbconvert --to latex mynotebook.ipynb

    Both HTML and LaTeX support multiple output templates. LaTeX includes
    'base', 'article' and 'report'.  HTML includes 'basic' and 'full'. You
    can specify the flavor of the format used.

    > jupyter nbconvert --to html --template basic mynotebook.ipynb

    You can also pipe the output to stdout, rather than a file

    > jupyter nbconvert mynotebook.ipynb --stdout

    PDF is generated via latex

    > jupyter nbconvert mynotebook.ipynb --to pdf

    You can get (and serve) a Reveal.js-powered slideshow

    > jupyter nbconvert myslides.ipynb --to slides --post serve

    Multiple notebooks can be given at the command line in a couple of
    different ways:

    > jupyter nbconvert notebook*.ipynb
    > jupyter nbconvert notebook1.ipynb notebook2.ipynb

    or you can specify the notebooks list in a config file, containing::

        c.NbConvertApp.notebooks = ["my_notebook.ipynb"]

    > jupyter nbconvert --config mycfg.py


C:\Users\gui_s>jupyter nbconvert register_preprocessor('CustomPreprocessor.CustomPreprocessor')
[NbConvertApp] WARNING | pattern "register_preprocessor('CustomPreprocessor.CustomPreprocessor')" matched no files
This application is used to convert notebook files (*.ipynb) to various other
formats.

WARNING: THE COMMANDLINE INTERFACE MAY CHANGE IN FUTURE RELEASES.

Options
-------

Arguments that take values are actually convenience aliases to full
Configurables, whose aliases are listed on the help line. For more information
on full configurables, see '--help-all'.

--debug
    set log level to logging.DEBUG (maximize logging output)
--generate-config
    generate default config file
-y
    Answer yes to any questions instead of prompting.
--execute
    Execute the notebook prior to export.
--allow-errors
    Continue notebook execution even if one of the cells throws an error and include the error message in the cell output (the default behaviour is to abort conversion). This flag is only relevant if '--execute' was specified, too.
--stdin
    read a single notebook file from stdin. Write the resulting notebook with default basename 'notebook.*'
--stdout
    Write notebook output to stdout instead of files.
--inplace
    Run nbconvert in place, overwriting the existing notebook (only
    relevant when converting to notebook format)
--clear-output
    Clear output of current file and save in place,
    overwriting the existing notebook.
--no-prompt
    Exclude input and output prompts from converted document.
--log-level=<Enum> (Application.log_level)
    Default: 30
    Choices: (0, 10, 20, 30, 40, 50, 'DEBUG', 'INFO', 'WARN', 'ERROR', 'CRITICAL')
    Set the log level by value or name.
--config=<Unicode> (JupyterApp.config_file)
    Default: ''
    Full path of a config file.
--to=<Unicode> (NbConvertApp.export_format)
    Default: 'html'
    The export format to be used, either one of the built-in formats, or a
    dotted object name that represents the import path for an `Exporter` class
--template=<Unicode> (TemplateExporter.template_file)
    Default: ''
    Name of the template file to use
--writer=<DottedObjectName> (NbConvertApp.writer_class)
    Default: 'FilesWriter'
    Writer class used to write the  results of the conversion
--post=<DottedOrNone> (NbConvertApp.postprocessor_class)
    Default: ''
    PostProcessor class used to write the results of the conversion
--output=<Unicode> (NbConvertApp.output_base)
    Default: ''
    overwrite base name use for output files. can only be used when converting
    one notebook at a time.
--output-dir=<Unicode> (FilesWriter.build_directory)
    Default: ''
    Directory to write output(s) to. Defaults to output to the directory of each
    notebook. To recover previous default behaviour (outputting to the current
    working directory) use . as the flag value.
--reveal-prefix=<Unicode> (SlidesExporter.reveal_url_prefix)
    Default: ''
    The URL prefix for reveal.js. This can be a a relative URL for a local copy
    of reveal.js, or point to a CDN.
    For speaker notes to work, a local reveal.js prefix must be used.
--nbformat=<Enum> (NotebookExporter.nbformat_version)
    Default: 4
    Choices: [1, 2, 3, 4]
    The nbformat version to write. Use this to downgrade notebooks.

To see all available configurables, use `--help-all`

Examples
--------

    The simplest way to use nbconvert is

    > jupyter nbconvert mynotebook.ipynb

    which will convert mynotebook.ipynb to the default format (probably HTML).

    You can specify the export format with `--to`.
    Options include ['asciidoc', 'custom', 'html', 'latex', 'markdown', 'notebook', 'pdf', 'python', 'rst', 'script', 'slides']

    > jupyter nbconvert --to latex mynotebook.ipynb

    Both HTML and LaTeX support multiple output templates. LaTeX includes
    'base', 'article' and 'report'.  HTML includes 'basic' and 'full'. You
    can specify the flavor of the format used.

    > jupyter nbconvert --to html --template basic mynotebook.ipynb

    You can also pipe the output to stdout, rather than a file

    > jupyter nbconvert mynotebook.ipynb --stdout

    PDF is generated via latex

    > jupyter nbconvert mynotebook.ipynb --to pdf

    You can get (and serve) a Reveal.js-powered slideshow

    > jupyter nbconvert myslides.ipynb --to slides --post serve

    Multiple notebooks can be given at the command line in a couple of
    different ways:

    > jupyter nbconvert notebook*.ipynb
    > jupyter nbconvert notebook1.ipynb notebook2.ipynb

    or you can specify the notebooks list in a config file, containing::

        c.NbConvertApp.notebooks = ["my_notebook.ipynb"]

    > jupyter nbconvert --config mycfg.py


C:\Users\gui_s>cd Documents

C:\Users\gui_s\Documents>cd Trabalho_na_Plux

C:\Users\gui_s\Documents\Trabalho_na_Plux>dir
 Volume in drive C is Windows
 Volume Serial Number is C6F4-3FE3

 Directory of C:\Users\gui_s\Documents\Trabalho_na_Plux

26/07/2018  16:44    <DIR>          .
26/07/2018  16:44    <DIR>          ..
05/06/2018  17:50    <DIR>          .ipynb_checkpoints
05/07/2018  18:05    <DIR>          Article
21/07/2018  20:49    <DIR>          CV_Prof_Hugo_Gamboa
26/07/2018  18:03    <DIR>          Datasheets
20/06/2018  12:25           145 522 emg_opensignals_0007803b4675_2018-06-20_12-24-46.edf
20/06/2018  12:26           546 816 emg_opensignals_0007803b4675_2018-06-20_12-24-46.h5
20/06/2018  12:26           726 676 emg_opensignals_0007803b4675_2018-06-20_12-24-46.txt
18/06/2018  12:51    <DIR>          Folheto
28/07/2018  16:34    <DIR>          opensignalstools
08/06/2018  17:49         9 350 957 opensignalstools.zip
04/07/2018  11:13        83 245 112 opensignalstools_04_07_2018.zip
14/06/2018  10:19        24 407 418 opensignalstools_14_06_2018.zip
26/06/2018  00:20        54 206 810 opensignalstools_26_06_2018.zip
26/06/2018  18:37           942 768 opensignals_000780589b3f_2018-06-26_18-32-34.edf
26/06/2018  18:38         3 245 824 opensignals_000780589b3f_2018-06-26_18-32-34.h5
26/06/2018  18:38         4 989 390 opensignals_000780589b3f_2018-06-26_18-32-34.txt
16/07/2018  18:57    <DIR>          plugin_hrv_real_time
27/07/2018  16:53    <DIR>          Signal_Samples
              10 File(s)    181 807 293 bytes
              10 Dir(s)     257 404 928 bytes free

C:\Users\gui_s\Documents\Trabalho_na_Plux>cd opensignalstools

C:\Users\gui_s\Documents\Trabalho_na_Plux\opensignalstools>dir
 Volume in drive C is Windows
 Volume Serial Number is C6F4-3FE3

 Directory of C:\Users\gui_s\Documents\Trabalho_na_Plux\opensignalstools

28/07/2018  16:34    <DIR>          .
28/07/2018  16:34    <DIR>          ..
29/07/2018  00:52    <DIR>          Aux Folders
20/07/2018  10:01    <DIR>          Notebooks
30/07/2018  14:47    <DIR>          notebookToHtml
19/07/2018  10:37    <DIR>          opensignalstools
               0 File(s)              0 bytes
               6 Dir(s)     257 404 928 bytes free

C:\Users\gui_s\Documents\Trabalho_na_Plux\opensignalstools>cd Notebooks

C:\Users\gui_s\Documents\Trabalho_na_Plux\opensignalstools\Notebooks>dir
 Volume in drive C is Windows
 Volume Serial Number is C6F4-3FE3

 Directory of C:\Users\gui_s\Documents\Trabalho_na_Plux\opensignalstools\Notebooks

20/07/2018  10:01    <DIR>          .
20/07/2018  10:01    <DIR>          ..
05/06/2018  17:51    <DIR>          .ipynb_checkpoints
28/07/2018  15:50    <DIR>          Categories
24/06/2018  16:09    <DIR>          images
20/07/2018  10:01         1 463 614 OpenSignals Notebooks.pdf
17/07/2018  15:04           280 878 opensignalstools.html
09/07/2018  14:08            26 800 opensignalstools.ipynb
11/06/2018  18:06    <DIR>          styles
               3 File(s)      1 771 292 bytes
               6 Dir(s)     257 404 928 bytes free

C:\Users\gui_s\Documents\Trabalho_na_Plux\opensignalstools\Notebooks>cd..

C:\Users\gui_s\Documents\Trabalho_na_Plux\opensignalstools>dir
 Volume in drive C is Windows
 Volume Serial Number is C6F4-3FE3

 Directory of C:\Users\gui_s\Documents\Trabalho_na_Plux\opensignalstools

28/07/2018  16:34    <DIR>          .
28/07/2018  16:34    <DIR>          ..
29/07/2018  00:52    <DIR>          Aux Folders
20/07/2018  10:01    <DIR>          Notebooks
30/07/2018  14:47    <DIR>          notebookToHtml
19/07/2018  10:37    <DIR>          opensignalstools
               0 File(s)              0 bytes
               6 Dir(s)     257 404 928 bytes free

C:\Users\gui_s\Documents\Trabalho_na_Plux\opensignalstools>cd notebookToHtml

C:\Users\gui_s\Documents\Trabalho_na_Plux\opensignalstools\notebookToHtml>DIR
 Volume in drive C is Windows
 Volume Serial Number is C6F4-3FE3

 Directory of C:\Users\gui_s\Documents\Trabalho_na_Plux\opensignalstools\notebookToHtml

30/07/2018  14:47    <DIR>          .
30/07/2018  14:47    <DIR>          ..
30/07/2018  14:47    <DIR>          .idea
26/07/2018  18:02             1 921 Conversion_Plane.txt
30/07/2018  14:46               258 CustomPreprocessor.py
30/07/2018  13:46             5 344 main.py
28/07/2018  15:48               480 mytemplate.tpl
28/07/2018  16:37               157 nbconvertconfig.py
28/07/2018  15:48               531 nbconvertTemplate.py
30/07/2018  14:45               350 nbconvert_preprocessor.py
28/07/2018  15:50             6 080 Template.ipynb
               8 File(s)         15 121 bytes
               3 Dir(s)     257 404 928 bytes free

C:\Users\gui_s\Documents\Trabalho_na_Plux\opensignalstools\notebookToHtml>jupyter nbconvert
This application is used to convert notebook files (*.ipynb) to various other
formats.

WARNING: THE COMMANDLINE INTERFACE MAY CHANGE IN FUTURE RELEASES.

Options
-------

Arguments that take values are actually convenience aliases to full
Configurables, whose aliases are listed on the help line. For more information
on full configurables, see '--help-all'.

--debug
    set log level to logging.DEBUG (maximize logging output)
--generate-config
    generate default config file
-y
    Answer yes to any questions instead of prompting.
--execute
    Execute the notebook prior to export.
--allow-errors
    Continue notebook execution even if one of the cells throws an error and include the error message in the cell output (the default behaviour is to abort conversion). This flag is only relevant if '--execute' was specified, too.
--stdin
    read a single notebook file from stdin. Write the resulting notebook with default basename 'notebook.*'
--stdout
    Write notebook output to stdout instead of files.
--inplace
    Run nbconvert in place, overwriting the existing notebook (only
    relevant when converting to notebook format)
--clear-output
    Clear output of current file and save in place,
    overwriting the existing notebook.
--no-prompt
    Exclude input and output prompts from converted document.
--log-level=<Enum> (Application.log_level)
    Default: 30
    Choices: (0, 10, 20, 30, 40, 50, 'DEBUG', 'INFO', 'WARN', 'ERROR', 'CRITICAL')
    Set the log level by value or name.
--config=<Unicode> (JupyterApp.config_file)
    Default: ''
    Full path of a config file.
--to=<Unicode> (NbConvertApp.export_format)
    Default: 'html'
    The export format to be used, either one of the built-in formats, or a
    dotted object name that represents the import path for an `Exporter` class
--template=<Unicode> (TemplateExporter.template_file)
    Default: ''
    Name of the template file to use
--writer=<DottedObjectName> (NbConvertApp.writer_class)
    Default: 'FilesWriter'
    Writer class used to write the  results of the conversion
--post=<DottedOrNone> (NbConvertApp.postprocessor_class)
    Default: ''
    PostProcessor class used to write the results of the conversion
--output=<Unicode> (NbConvertApp.output_base)
    Default: ''
    overwrite base name use for output files. can only be used when converting
    one notebook at a time.
--output-dir=<Unicode> (FilesWriter.build_directory)
    Default: ''
    Directory to write output(s) to. Defaults to output to the directory of each
    notebook. To recover previous default behaviour (outputting to the current
    working directory) use . as the flag value.
--reveal-prefix=<Unicode> (SlidesExporter.reveal_url_prefix)
    Default: ''
    The URL prefix for reveal.js. This can be a a relative URL for a local copy
    of reveal.js, or point to a CDN.
    For speaker notes to work, a local reveal.js prefix must be used.
--nbformat=<Enum> (NotebookExporter.nbformat_version)
    Default: 4
    Choices: [1, 2, 3, 4]
    The nbformat version to write. Use this to downgrade notebooks.

To see all available configurables, use `--help-all`

Examples
--------

    The simplest way to use nbconvert is

    > jupyter nbconvert mynotebook.ipynb

    which will convert mynotebook.ipynb to the default format (probably HTML).

    You can specify the export format with `--to`.
    Options include ['asciidoc', 'custom', 'html', 'latex', 'markdown', 'notebook', 'pdf', 'python', 'rst', 'script', 'slides']

    > jupyter nbconvert --to latex mynotebook.ipynb

    Both HTML and LaTeX support multiple output templates. LaTeX includes
    'base', 'article' and 'report'.  HTML includes 'basic' and 'full'. You
    can specify the flavor of the format used.

    > jupyter nbconvert --to html --template basic mynotebook.ipynb

    You can also pipe the output to stdout, rather than a file

    > jupyter nbconvert mynotebook.ipynb --stdout

    PDF is generated via latex

    > jupyter nbconvert mynotebook.ipynb --to pdf

    You can get (and serve) a Reveal.js-powered slideshow

    > jupyter nbconvert myslides.ipynb --to slides --post serve

    Multiple notebooks can be given at the command line in a couple of
    different ways:

    > jupyter nbconvert notebook*.ipynb
    > jupyter nbconvert notebook1.ipynb notebook2.ipynb

    or you can specify the notebooks list in a config file, containing::

        c.NbConvertApp.notebooks = ["my_notebook.ipynb"]

    > jupyter nbconvert --config mycfg.py


C:\Users\gui_s\Documents\Trabalho_na_Plux\opensignalstools\notebookToHtml>jupyter nbconvert --config="C:/Users/gui_s/Documents/Trabalho_na_Plux/opensignalstools/notebookToHtml/nbconvertconfig.py""
This application is used to convert notebook files (*.ipynb) to various other
formats.

WARNING: THE COMMANDLINE INTERFACE MAY CHANGE IN FUTURE RELEASES.

Options
-------

Arguments that take values are actually convenience aliases to full
Configurables, whose aliases are listed on the help line. For more information
on full configurables, see '--help-all'.

--debug
    set log level to logging.DEBUG (maximize logging output)
--generate-config
    generate default config file
-y
    Answer yes to any questions instead of prompting.
--execute
    Execute the notebook prior to export.
--allow-errors
    Continue notebook execution even if one of the cells throws an error and include the error message in the cell output (the default behaviour is to abort conversion). This flag is only relevant if '--execute' was specified, too.
--stdin
    read a single notebook file from stdin. Write the resulting notebook with default basename 'notebook.*'
--stdout
    Write notebook output to stdout instead of files.
--inplace
    Run nbconvert in place, overwriting the existing notebook (only
    relevant when converting to notebook format)
--clear-output
    Clear output of current file and save in place,
    overwriting the existing notebook.
--no-prompt
    Exclude input and output prompts from converted document.
--log-level=<Enum> (Application.log_level)
    Default: 30
    Choices: (0, 10, 20, 30, 40, 50, 'DEBUG', 'INFO', 'WARN', 'ERROR', 'CRITICAL')
    Set the log level by value or name.
--config=<Unicode> (JupyterApp.config_file)
    Default: ''
    Full path of a config file.
--to=<Unicode> (NbConvertApp.export_format)
    Default: 'html'
    The export format to be used, either one of the built-in formats, or a
    dotted object name that represents the import path for an `Exporter` class
--template=<Unicode> (TemplateExporter.template_file)
    Default: ''
    Name of the template file to use
--writer=<DottedObjectName> (NbConvertApp.writer_class)
    Default: 'FilesWriter'
    Writer class used to write the  results of the conversion
--post=<DottedOrNone> (NbConvertApp.postprocessor_class)
    Default: ''
    PostProcessor class used to write the results of the conversion
--output=<Unicode> (NbConvertApp.output_base)
    Default: ''
    overwrite base name use for output files. can only be used when converting
    one notebook at a time.
--output-dir=<Unicode> (FilesWriter.build_directory)
    Default: ''
    Directory to write output(s) to. Defaults to output to the directory of each
    notebook. To recover previous default behaviour (outputting to the current
    working directory) use . as the flag value.
--reveal-prefix=<Unicode> (SlidesExporter.reveal_url_prefix)
    Default: ''
    The URL prefix for reveal.js. This can be a a relative URL for a local copy
    of reveal.js, or point to a CDN.
    For speaker notes to work, a local reveal.js prefix must be used.
--nbformat=<Enum> (NotebookExporter.nbformat_version)
    Default: 4
    Choices: [1, 2, 3, 4]
    The nbformat version to write. Use this to downgrade notebooks.

To see all available configurables, use `--help-all`

Examples
--------

    The simplest way to use nbconvert is

    > jupyter nbconvert mynotebook.ipynb

    which will convert mynotebook.ipynb to the default format (probably HTML).

    You can specify the export format with `--to`.
    Options include ['asciidoc', 'custom', 'html', 'latex', 'markdown', 'notebook', 'pdf', 'python', 'rst', 'script', 'slides']

    > jupyter nbconvert --to latex mynotebook.ipynb

    Both HTML and LaTeX support multiple output templates. LaTeX includes
    'base', 'article' and 'report'.  HTML includes 'basic' and 'full'. You
    can specify the flavor of the format used.

    > jupyter nbconvert --to html --template basic mynotebook.ipynb

    You can also pipe the output to stdout, rather than a file

    > jupyter nbconvert mynotebook.ipynb --stdout

    PDF is generated via latex

    > jupyter nbconvert mynotebook.ipynb --to pdf

    You can get (and serve) a Reveal.js-powered slideshow

    > jupyter nbconvert myslides.ipynb --to slides --post serve

    Multiple notebooks can be given at the command line in a couple of
    different ways:

    > jupyter nbconvert notebook*.ipynb
    > jupyter nbconvert notebook1.ipynb notebook2.ipynb

    or you can specify the notebooks list in a config file, containing::

        c.NbConvertApp.notebooks = ["my_notebook.ipynb"]

    > jupyter nbconvert --config mycfg.py


C:\Users\gui_s\Documents\Trabalho_na_Plux\opensignalstools\notebookToHtml>jupyter nbconvert --config="C:/Users/gui_s/Documents/Trabalho_na_Plux/opensignalstools/notebookToHtml/nbconvertconfig.py"
This application is used to convert notebook files (*.ipynb) to various other
formats.

WARNING: THE COMMANDLINE INTERFACE MAY CHANGE IN FUTURE RELEASES.

Options
-------

Arguments that take values are actually convenience aliases to full
Configurables, whose aliases are listed on the help line. For more information
on full configurables, see '--help-all'.

--debug
    set log level to logging.DEBUG (maximize logging output)
--generate-config
    generate default config file
-y
    Answer yes to any questions instead of prompting.
--execute
    Execute the notebook prior to export.
--allow-errors
    Continue notebook execution even if one of the cells throws an error and include the error message in the cell output (the default behaviour is to abort conversion). This flag is only relevant if '--execute' was specified, too.
--stdin
    read a single notebook file from stdin. Write the resulting notebook with default basename 'notebook.*'
--stdout
    Write notebook output to stdout instead of files.
--inplace
    Run nbconvert in place, overwriting the existing notebook (only
    relevant when converting to notebook format)
--clear-output
    Clear output of current file and save in place,
    overwriting the existing notebook.
--no-prompt
    Exclude input and output prompts from converted document.
--log-level=<Enum> (Application.log_level)
    Default: 30
    Choices: (0, 10, 20, 30, 40, 50, 'DEBUG', 'INFO', 'WARN', 'ERROR', 'CRITICAL')
    Set the log level by value or name.
--config=<Unicode> (JupyterApp.config_file)
    Default: ''
    Full path of a config file.
--to=<Unicode> (NbConvertApp.export_format)
    Default: 'html'
    The export format to be used, either one of the built-in formats, or a
    dotted object name that represents the import path for an `Exporter` class
--template=<Unicode> (TemplateExporter.template_file)
    Default: ''
    Name of the template file to use
--writer=<DottedObjectName> (NbConvertApp.writer_class)
    Default: 'FilesWriter'
    Writer class used to write the  results of the conversion
--post=<DottedOrNone> (NbConvertApp.postprocessor_class)
    Default: ''
    PostProcessor class used to write the results of the conversion
--output=<Unicode> (NbConvertApp.output_base)
    Default: ''
    overwrite base name use for output files. can only be used when converting
    one notebook at a time.
--output-dir=<Unicode> (FilesWriter.build_directory)
    Default: ''
    Directory to write output(s) to. Defaults to output to the directory of each
    notebook. To recover previous default behaviour (outputting to the current
    working directory) use . as the flag value.
--reveal-prefix=<Unicode> (SlidesExporter.reveal_url_prefix)
    Default: ''
    The URL prefix for reveal.js. This can be a a relative URL for a local copy
    of reveal.js, or point to a CDN.
    For speaker notes to work, a local reveal.js prefix must be used.
--nbformat=<Enum> (NotebookExporter.nbformat_version)
    Default: 4
    Choices: [1, 2, 3, 4]
    The nbformat version to write. Use this to downgrade notebooks.

To see all available configurables, use `--help-all`

Examples
--------

    The simplest way to use nbconvert is

    > jupyter nbconvert mynotebook.ipynb

    which will convert mynotebook.ipynb to the default format (probably HTML).

    You can specify the export format with `--to`.
    Options include ['asciidoc', 'custom', 'html', 'latex', 'markdown', 'notebook', 'pdf', 'python', 'rst', 'script', 'slides']

    > jupyter nbconvert --to latex mynotebook.ipynb

    Both HTML and LaTeX support multiple output templates. LaTeX includes
    'base', 'article' and 'report'.  HTML includes 'basic' and 'full'. You
    can specify the flavor of the format used.

    > jupyter nbconvert --to html --template basic mynotebook.ipynb

    You can also pipe the output to stdout, rather than a file

    > jupyter nbconvert mynotebook.ipynb --stdout

    PDF is generated via latex

    > jupyter nbconvert mynotebook.ipynb --to pdf

    You can get (and serve) a Reveal.js-powered slideshow

    > jupyter nbconvert myslides.ipynb --to slides --post serve

    Multiple notebooks can be given at the command line in a couple of
    different ways:

    > jupyter nbconvert notebook*.ipynb
    > jupyter nbconvert notebook1.ipynb notebook2.ipynb

    or you can specify the notebooks list in a config file, containing::

        c.NbConvertApp.notebooks = ["my_notebook.ipynb"]

    > jupyter nbconvert --config mycfg.py


C:\Users\gui_s\Documents\Trabalho_na_Plux\opensignalstools\notebookToHtml>jupyter nbconvert --config='C:/Users/gui_s/Documents/Trabalho_na_Plux/opensignalstools/notebookToHtml/nbconvertconfig.py'
This application is used to convert notebook files (*.ipynb) to various other
formats.

WARNING: THE COMMANDLINE INTERFACE MAY CHANGE IN FUTURE RELEASES.

Options
-------

Arguments that take values are actually convenience aliases to full
Configurables, whose aliases are listed on the help line. For more information
on full configurables, see '--help-all'.

--debug
    set log level to logging.DEBUG (maximize logging output)
--generate-config
    generate default config file
-y
    Answer yes to any questions instead of prompting.
--execute
    Execute the notebook prior to export.
--allow-errors
    Continue notebook execution even if one of the cells throws an error and include the error message in the cell output (the default behaviour is to abort conversion). This flag is only relevant if '--execute' was specified, too.
--stdin
    read a single notebook file from stdin. Write the resulting notebook with default basename 'notebook.*'
--stdout
    Write notebook output to stdout instead of files.
--inplace
    Run nbconvert in place, overwriting the existing notebook (only
    relevant when converting to notebook format)
--clear-output
    Clear output of current file and save in place,
    overwriting the existing notebook.
--no-prompt
    Exclude input and output prompts from converted document.
--log-level=<Enum> (Application.log_level)
    Default: 30
    Choices: (0, 10, 20, 30, 40, 50, 'DEBUG', 'INFO', 'WARN', 'ERROR', 'CRITICAL')
    Set the log level by value or name.
--config=<Unicode> (JupyterApp.config_file)
    Default: ''
    Full path of a config file.
--to=<Unicode> (NbConvertApp.export_format)
    Default: 'html'
    The export format to be used, either one of the built-in formats, or a
    dotted object name that represents the import path for an `Exporter` class
--template=<Unicode> (TemplateExporter.template_file)
    Default: ''
    Name of the template file to use
--writer=<DottedObjectName> (NbConvertApp.writer_class)
    Default: 'FilesWriter'
    Writer class used to write the  results of the conversion
--post=<DottedOrNone> (NbConvertApp.postprocessor_class)
    Default: ''
    PostProcessor class used to write the results of the conversion
--output=<Unicode> (NbConvertApp.output_base)
    Default: ''
    overwrite base name use for output files. can only be used when converting
    one notebook at a time.
--output-dir=<Unicode> (FilesWriter.build_directory)
    Default: ''
    Directory to write output(s) to. Defaults to output to the directory of each
    notebook. To recover previous default behaviour (outputting to the current
    working directory) use . as the flag value.
--reveal-prefix=<Unicode> (SlidesExporter.reveal_url_prefix)
    Default: ''
    The URL prefix for reveal.js. This can be a a relative URL for a local copy
    of reveal.js, or point to a CDN.
    For speaker notes to work, a local reveal.js prefix must be used.
--nbformat=<Enum> (NotebookExporter.nbformat_version)
    Default: 4
    Choices: [1, 2, 3, 4]
    The nbformat version to write. Use this to downgrade notebooks.

To see all available configurables, use `--help-all`

Examples
--------

    The simplest way to use nbconvert is

    > jupyter nbconvert mynotebook.ipynb

    which will convert mynotebook.ipynb to the default format (probably HTML).

    You can specify the export format with `--to`.
    Options include ['asciidoc', 'custom', 'html', 'latex', 'markdown', 'notebook', 'pdf', 'python', 'rst', 'script', 'slides']

    > jupyter nbconvert --to latex mynotebook.ipynb

    Both HTML and LaTeX support multiple output templates. LaTeX includes
    'base', 'article' and 'report'.  HTML includes 'basic' and 'full'. You
    can specify the flavor of the format used.

    > jupyter nbconvert --to html --template basic mynotebook.ipynb

    You can also pipe the output to stdout, rather than a file

    > jupyter nbconvert mynotebook.ipynb --stdout

    PDF is generated via latex

    > jupyter nbconvert mynotebook.ipynb --to pdf

    You can get (and serve) a Reveal.js-powered slideshow

    > jupyter nbconvert myslides.ipynb --to slides --post serve

    Multiple notebooks can be given at the command line in a couple of
    different ways:

    > jupyter nbconvert notebook*.ipynb
    > jupyter nbconvert notebook1.ipynb notebook2.ipynb

    or you can specify the notebooks list in a config file, containing::

        c.NbConvertApp.notebooks = ["my_notebook.ipynb"]

    > jupyter nbconvert --config mycfg.py


C:\Users\gui_s\Documents\Trabalho_na_Plux\opensignalstools\notebookToHtml>jupyter nbconvert --to html Template.ipynb
[NbConvertApp] Converting notebook Template.ipynb to html
[NbConvertApp] Writing 257720 bytes to Template.html

C:\Users\gui_s\Documents\Trabalho_na_Plux\opensignalstools\notebookToHtml>jupyter nbconvert --to html Template.ipynb
[NbConvertApp] Converting notebook Template.ipynb to html
[NbConvertApp] Writing 257757 bytes to Template.html

C:\Users\gui_s\Documents\Trabalho_na_Plux\opensignalstools\notebookToHtml>jupyter nbconvert --to html Template.html
[NbConvertApp] Converting notebook Template.html to html
Traceback (most recent call last):
  File "c:\python362\lib\site-packages\nbformat\reader.py", line 14, in parse_json
    nb_dict = json.loads(s, **kwargs)
  File "c:\python362\lib\json\__init__.py", line 354, in loads
    return _default_decoder.decode(s)
  File "c:\python362\lib\json\decoder.py", line 339, in decode
    obj, end = self.raw_decode(s, idx=_w(s, 0).end())
  File "c:\python362\lib\json\decoder.py", line 357, in raw_decode
    raise JSONDecodeError("Expecting value", s, err.value) from None
json.decoder.JSONDecodeError: Expecting value: line 1 column 1 (char 0)

During handling of the above exception, another exception occurred:

Traceback (most recent call last):
  File "c:\python362\lib\runpy.py", line 193, in _run_module_as_main
    "__main__", mod_spec)
  File "c:\python362\lib\runpy.py", line 85, in _run_code
    exec(code, run_globals)
  File "C:\Python362\Scripts\jupyter-nbconvert.EXE\__main__.py", line 9, in <module>
  File "c:\python362\lib\site-packages\jupyter_core\application.py", line 266, in launch_instance
    return super(JupyterApp, cls).launch_instance(argv=argv, **kwargs)
  File "c:\python362\lib\site-packages\traitlets\config\application.py", line 658, in launch_instance
    app.start()
  File "c:\python362\lib\site-packages\nbconvert\nbconvertapp.py", line 325, in start
    self.convert_notebooks()
  File "c:\python362\lib\site-packages\nbconvert\nbconvertapp.py", line 493, in convert_notebooks
    self.convert_single_notebook(notebook_filename)
  File "c:\python362\lib\site-packages\nbconvert\nbconvertapp.py", line 464, in convert_single_notebook
    output, resources = self.export_single_notebook(notebook_filename, resources, input_buffer=input_buffer)
  File "c:\python362\lib\site-packages\nbconvert\nbconvertapp.py", line 393, in export_single_notebook
    output, resources = self.exporter.from_filename(notebook_filename, resources=resources)
  File "c:\python362\lib\site-packages\nbconvert\exporters\exporter.py", line 174, in from_filename
    return self.from_file(f, resources=resources, **kw)
  File "c:\python362\lib\site-packages\nbconvert\exporters\exporter.py", line 192, in from_file
    return self.from_notebook_node(nbformat.read(file_stream, as_version=4), resources=resources, **kw)
  File "c:\python362\lib\site-packages\nbformat\__init__.py", line 141, in read
    return reads(fp.read(), as_version, **kwargs)
  File "c:\python362\lib\site-packages\nbformat\__init__.py", line 74, in reads
    nb = reader.reads(s, **kwargs)
  File "c:\python362\lib\site-packages\nbformat\reader.py", line 58, in reads
    nb_dict = parse_json(s, **kwargs)
  File "c:\python362\lib\site-packages\nbformat\reader.py", line 17, in parse_json
    raise NotJSONError(("Notebook does not appear to be JSON: %r" % s)[:77] + "...")
nbformat.reader.NotJSONError: Notebook does not appear to be JSON: '<!DOCTYPE html>\n<html>\n<head><meta ch...

C:\Users\gui_s\Documents\Trabalho_na_Plux\opensignalstools\notebookToHtml>jupyter nbconvert --config="C:/Users/gui_s/Documents/Trabalho_na_Plux/opensignalstools/notebookToHtml/nbconvertconfig.py" --to html Template.ipynb
[NbConvertApp] Converting notebook Template.ipynb to html
[NbConvertApp] Writing 257757 bytes to Template.html

C:\Users\gui_s\Documents\Trabalho_na_Plux\opensignalstools\notebookToHtml>jupyter nbconvert --config="C:/Users/gui_s/Documents/Trabalho_na_Plux/opensignalstools/notebookToHtml/nbconvert_config.py" --to html Template.ipynb
[NbConvertApp] Converting notebook Template.ipynb to html
[NbConvertApp] Writing 257757 bytes to Template.html

C:\Users\gui_s\Documents\Trabalho_na_Plux\opensignalstools\notebookToHtml>jupyter nbconvert --config="C:/Users/gui_s/Documents/Trabalho_na_Plux/opensignalstools/notebookToHtml/nbconvert_config.py" --to html Template.ipynb
[NbConvertApp] Converting notebook Template.ipynb to html
:)
:)
:)
:)
:)
:)
:)
:)
[NbConvertApp] Writing 257757 bytes to Template.html

C:\Users\gui_s\Documents\Trabalho_na_Plux\opensignalstools\notebookToHtml>jupyter nbconvert --config="C:/Users/gui_s/Documents/Trabalho_na_Plux/opensignalstools/notebookToHtml/nbconvert_config.py" --to html Template.ipynb
[NbConvertApp] Converting notebook Template.ipynb to html
enter
enter
enter
enter
[NbConvertApp] Writing 257757 bytes to Template.html

C:\Users\gui_s\Documents\Trabalho_na_Plux\opensignalstools\notebookToHtml>jupyter nbconvert --config="C:/Users/gui_s/Documents/Trabalho_na_Plux/opensignalstools/notebookToHtml/nbconvert_config.py" --to html Template.ipynb
[NbConvertApp] Converting notebook Template.ipynb to html
{'cell_type': 'markdown', 'metadata': {}, 'source': '<link rel="stylesheet" href="../../styles/theme_style.css">\n<link rel="stylesheet" href="../../styles/header_style.css">\n\n<table width="100%">\n    <tr>\n        <td id="image_td" width="15%" class="header_image_1"><img id="image_img" width="60%" src="../../images/Icons/Open.png"></td>\n        <!-- Available classes for "image_td" element:\n        - header_image_1 (For Notebooks of "Open" Area);\n        - header_image_2 (For Notebooks of "Acquire" Area);\n        - header_image_3 (For Notebooks of "Visualise" Area);\n        - header_image_4 (For Notebooks of "Process" Area);\n        - header_image_5 (For Notebooks of "Detect" Area);\n        - header_image_6 (For Notebooks of "Extract" Area);\n        - header_image_7 (For Notebooks of "Decide" Area);\n        - header_image_8 (For Notebooks of "Explain" Area);\n\n        Available icons for "image_img" element:\n        - Open.png (For Notebooks of "Open" Area);\n        - Acquisition.png (For Notebooks of "Acquire" Area);\n        - Visualise.png (For Notebooks of "Visualise" Area);\n        - Process.png (For Notebooks of "Process" Area);\n        - Detect.png (For Notebooks of "Detect" Area);\n        - Extract.png (For Notebooks of "Extract" Area);\n        - Decide.png (For Notebooks of "Decide" Area);\n        - Explain.png (For Notebooks of "Explain" Area);-->\n        <td class="header_text"> Notebook Title </td>\n    </tr>\n</table>'}
{'cell_type': 'markdown', 'metadata': {}, 'source': '*Presentation of a small description of the notebook content*'}
{'cell_type': 'markdown', 'metadata': {}, 'source': '[A](Subsampling.ipynb)'}
{'cell_type': 'markdown', 'metadata': {}, 'source': '\\begin{enumerate}\n    \\item A\n    \\item B\n\\end{enumerate}'}
[NbConvertApp] Writing 257757 bytes to Template.html

C:\Users\gui_s\Documents\Trabalho_na_Plux\opensignalstools\notebookToHtml>jupyter nbconvert --config="C:/Users/gui_s/Documents/Trabalho_na_Plux/opensignalstools/notebookToHtml/nbconvert_config.py" --to html Template.ipynb
[NbConvertApp] Converting notebook Template.ipynb to html
<link rel="stylesheet" href="../../styles/theme_style.css">
<link rel="stylesheet" href="../../styles/header_style.css">

<table width="100%">
    <tr>
        <td id="image_td" width="15%" class="header_image_1"><img id="image_img" width="60%" src="../../images/Icons/Open.png"></td>
        <!-- Available classes for "image_td" element:
        - header_image_1 (For Notebooks of "Open" Area);
        - header_image_2 (For Notebooks of "Acquire" Area);
        - header_image_3 (For Notebooks of "Visualise" Area);
        - header_image_4 (For Notebooks of "Process" Area);
        - header_image_5 (For Notebooks of "Detect" Area);
        - header_image_6 (For Notebooks of "Extract" Area);
        - header_image_7 (For Notebooks of "Decide" Area);
        - header_image_8 (For Notebooks of "Explain" Area);

        Available icons for "image_img" element:
        - Open.png (For Notebooks of "Open" Area);
        - Acquisition.png (For Notebooks of "Acquire" Area);
        - Visualise.png (For Notebooks of "Visualise" Area);
        - Process.png (For Notebooks of "Process" Area);
        - Detect.png (For Notebooks of "Detect" Area);
        - Extract.png (For Notebooks of "Extract" Area);
        - Decide.png (For Notebooks of "Decide" Area);
        - Explain.png (For Notebooks of "Explain" Area);-->
        <td class="header_text"> Notebook Title </td>
    </tr>
</table>
*Presentation of a small description of the notebook content*
[A](Subsampling.ipynb)
\begin{enumerate}
    \item A
    \item B
\end{enumerate}
[NbConvertApp] Writing 257757 bytes to Template.html

C:\Users\gui_s\Documents\Trabalho_na_Plux\opensignalstools\notebookToHtml>jupyter nbconvert --config="C:/Users/gui_s/Documents/Trabalho_na_Plux/opensignalstools/notebookToHtml/nbconvert_config.py" --to html Template.ipynb
[NbConvertApp] Converting notebook Template.ipynb to html
<link rel="stylesheet" href="../../styles/theme_style.css">
<link rel="stylesheet" href="../../styles/header_style.css">

<table width="100%">
    <tr>
        <td id="image_td" width="15%" class="header_image_1"><img id="image_img" width="60%" src="../../images/Icons/Open.png"></td>
        <!-- Available classes for "image_td" element:
        - header_image_1 (For Notebooks of "Open" Area);
        - header_image_2 (For Notebooks of "Acquire" Area);
        - header_image_3 (For Notebooks of "Visualise" Area);
        - header_image_4 (For Notebooks of "Process" Area);
        - header_image_5 (For Notebooks of "Detect" Area);
        - header_image_6 (For Notebooks of "Extract" Area);
        - header_image_7 (For Notebooks of "Decide" Area);
        - header_image_8 (For Notebooks of "Explain" Area);

        Available icons for "image_img" element:
        - Open.png (For Notebooks of "Open" Area);
        - Acquisition.png (For Notebooks of "Acquire" Area);
        - Visualise.png (For Notebooks of "Visualise" Area);
        - Process.png (For Notebooks of "Process" Area);
        - Detect.png (For Notebooks of "Detect" Area);
        - Extract.png (For Notebooks of "Extract" Area);
        - Decide.png (For Notebooks of "Decide" Area);
        - Explain.png (For Notebooks of "Explain" Area);-->
        <td class="header_text"> Notebook Title </td>
    </tr>
</table>
Traceback (most recent call last):
  File "c:\python362\lib\runpy.py", line 193, in _run_module_as_main
    "__main__", mod_spec)
  File "c:\python362\lib\runpy.py", line 85, in _run_code
    exec(code, run_globals)
  File "C:\Python362\Scripts\jupyter-nbconvert.EXE\__main__.py", line 9, in <module>
  File "c:\python362\lib\site-packages\jupyter_core\application.py", line 266, in launch_instance
    return super(JupyterApp, cls).launch_instance(argv=argv, **kwargs)
  File "c:\python362\lib\site-packages\traitlets\config\application.py", line 658, in launch_instance
    app.start()
  File "c:\python362\lib\site-packages\nbconvert\nbconvertapp.py", line 325, in start
    self.convert_notebooks()
  File "c:\python362\lib\site-packages\nbconvert\nbconvertapp.py", line 493, in convert_notebooks
    self.convert_single_notebook(notebook_filename)
  File "c:\python362\lib\site-packages\nbconvert\nbconvertapp.py", line 464, in convert_single_notebook
    output, resources = self.export_single_notebook(notebook_filename, resources, input_buffer=input_buffer)
  File "c:\python362\lib\site-packages\nbconvert\nbconvertapp.py", line 393, in export_single_notebook
    output, resources = self.exporter.from_filename(notebook_filename, resources=resources)
  File "c:\python362\lib\site-packages\nbconvert\exporters\exporter.py", line 174, in from_filename
    return self.from_file(f, resources=resources, **kw)
  File "c:\python362\lib\site-packages\nbconvert\exporters\exporter.py", line 192, in from_file
    return self.from_notebook_node(nbformat.read(file_stream, as_version=4), resources=resources, **kw)
  File "c:\python362\lib\site-packages\nbconvert\exporters\html.py", line 85, in from_notebook_node
    return super(HTMLExporter, self).from_notebook_node(nb, resources, **kw)
  File "c:\python362\lib\site-packages\nbconvert\exporters\templateexporter.py", line 280, in from_notebook_node
    nb_copy, resources = super(TemplateExporter, self).from_notebook_node(nb, resources, **kw)
  File "c:\python362\lib\site-packages\nbconvert\exporters\exporter.py", line 134, in from_notebook_node
    nb_copy, resources = self._preprocess(nb_copy, resources)
  File "c:\python362\lib\site-packages\nbconvert\exporters\exporter.py", line 311, in _preprocess
    nbc, resc = preprocessor(nbc, resc)
  File "c:\python362\lib\site-packages\nbconvert\preprocessors\base.py", line 47, in __call__
    return self.preprocess(nb, resources)
  File "c:\python362\lib\site-packages\nbconvert\preprocessors\base.py", line 69, in preprocess
    nb.cells[index], resources = self.preprocess_cell(cell, resources, index)
  File "C:\Users\gui_s\Documents\Trabalho_na_Plux\opensignalstools\notebookToHtml\CustomPreprocessor.py", line 10, in preprocess_cell
    cell.source = re.sub(r"\[(.*)\]\\(([^)]*)\.ipynb\)",r"[\1](\1.html)",cell.source)
  File "c:\python362\lib\re.py", line 191, in sub
    return _compile(pattern, flags).sub(repl, string, count)
  File "c:\python362\lib\re.py", line 301, in _compile
    p = sre_compile.compile(pattern, flags)
  File "c:\python362\lib\sre_compile.py", line 562, in compile
    p = sre_parse.parse(p, flags)
  File "c:\python362\lib\sre_parse.py", line 855, in parse
    p = _parse_sub(source, pattern, flags & SRE_FLAG_VERBOSE, 0)
  File "c:\python362\lib\sre_parse.py", line 416, in _parse_sub
    not nested and not items))
  File "c:\python362\lib\sre_parse.py", line 768, in _parse
    source.tell() - start)
sre_constants.error: missing ), unterminated subpattern at position 10

C:\Users\gui_s\Documents\Trabalho_na_Plux\opensignalstools\notebookToHtml>jupyter nbconvert --config="C:/Users/gui_s/Documents/Trabalho_na_Plux/opensignalstools/notebookToHtml/nbconvert_config.py" --to html Template.ipynb
[NbConvertApp] Converting notebook Template.ipynb to html
<link rel="stylesheet" href="../../styles/theme_style.css">
<link rel="stylesheet" href="../../styles/header_style.css">

<table width="100%">
    <tr>
        <td id="image_td" width="15%" class="header_image_1"><img id="image_img" width="60%" src="../../images/Icons/Open.png"></td>
        <!-- Available classes for "image_td" element:
        - header_image_1 (For Notebooks of "Open" Area);
        - header_image_2 (For Notebooks of "Acquire" Area);
        - header_image_3 (For Notebooks of "Visualise" Area);
        - header_image_4 (For Notebooks of "Process" Area);
        - header_image_5 (For Notebooks of "Detect" Area);
        - header_image_6 (For Notebooks of "Extract" Area);
        - header_image_7 (For Notebooks of "Decide" Area);
        - header_image_8 (For Notebooks of "Explain" Area);

        Available icons for "image_img" element:
        - Open.png (For Notebooks of "Open" Area);
        - Acquisition.png (For Notebooks of "Acquire" Area);
        - Visualise.png (For Notebooks of "Visualise" Area);
        - Process.png (For Notebooks of "Process" Area);
        - Detect.png (For Notebooks of "Detect" Area);
        - Extract.png (For Notebooks of "Extract" Area);
        - Decide.png (For Notebooks of "Decide" Area);
        - Explain.png (For Notebooks of "Explain" Area);-->
        <td class="header_text"> Notebook Title </td>
    </tr>
</table>
*Presentation of a small description of the notebook content*
[A](Subsampling.ipynb)
\begin{enumerate}
    \item A
    \item B
\end{enumerate}
[NbConvertApp] Writing 257746 bytes to Template.html

C:\Users\gui_s\Documents\Trabalho_na_Plux\opensignalstools\notebookToHtml>jupyter nbconvert --config="C:/Users/gui_s/Documents/Trabalho_na_Plux/opensignalstools/notebookToHtml/nbconvert_config.py" --to html Template.ipynb
[NbConvertApp] Converting notebook Template.ipynb to html
<link rel="stylesheet" href="../../styles/theme_style.css">
<link rel="stylesheet" href="../../styles/header_style.css">

<table width="100%">
    <tr>
        <td id="image_td" width="15%" class="header_image_1"><img id="image_img" width="60%" src="../../images/Icons/Open.png"></td>
        <!-- Available classes for "image_td" element:
        - header_image_1 (For Notebooks of "Open" Area);
        - header_image_2 (For Notebooks of "Acquire" Area);
        - header_image_3 (For Notebooks of "Visualise" Area);
        - header_image_4 (For Notebooks of "Process" Area);
        - header_image_5 (For Notebooks of "Detect" Area);
        - header_image_6 (For Notebooks of "Extract" Area);
        - header_image_7 (For Notebooks of "Decide" Area);
        - header_image_8 (For Notebooks of "Explain" Area);

        Available icons for "image_img" element:
        - Open.png (For Notebooks of "Open" Area);
        - Acquisition.png (For Notebooks of "Acquire" Area);
        - Visualise.png (For Notebooks of "Visualise" Area);
        - Process.png (For Notebooks of "Process" Area);
        - Detect.png (For Notebooks of "Detect" Area);
        - Extract.png (For Notebooks of "Extract" Area);
        - Decide.png (For Notebooks of "Decide" Area);
        - Explain.png (For Notebooks of "Explain" Area);-->
        <td class="header_text"> Notebook Title </td>
    </tr>
</table>
*Presentation of a small description of the notebook content*
[A](Subsampling.ipynb)
\begin{enumerate}
    \item A
    \item B
\end{enumerate}
[NbConvertApp] Writing 257737 bytes to Template.html

C:\Users\gui_s\Documents\Trabalho_na_Plux\opensignalstools\notebookToHtml>jupyter nbconvert --config="C:/Users/gui_s/Documents/Trabalho_na_Plux/opensignalstools/notebookToHtml/nbconvert_config.py" --to html Template.ipynb
[NbConvertApp] Converting notebook Template.ipynb to html
<link rel="stylesheet" href="../../styles/theme_style.css">
<link rel="stylesheet" href="../../styles/header_style.css">

<table width="100%">
    <tr>
        <td id="image_td" width="15%" class="header_image_1"><img id="image_img" width="60%" src="../../images/Icons/Open.png"></td>
        <!-- Available classes for "image_td" element:
        - header_image_1 (For Notebooks of "Open" Area);
        - header_image_2 (For Notebooks of "Acquire" Area);
        - header_image_3 (For Notebooks of "Visualise" Area);
        - header_image_4 (For Notebooks of "Process" Area);
        - header_image_5 (For Notebooks of "Detect" Area);
        - header_image_6 (For Notebooks of "Extract" Area);
        - header_image_7 (For Notebooks of "Decide" Area);
        - header_image_8 (For Notebooks of "Explain" Area);

        Available icons for "image_img" element:
        - Open.png (For Notebooks of "Open" Area);
        - Acquisition.png (For Notebooks of "Acquire" Area);
        - Visualise.png (For Notebooks of "Visualise" Area);
        - Process.png (For Notebooks of "Process" Area);
        - Detect.png (For Notebooks of "Detect" Area);
        - Extract.png (For Notebooks of "Extract" Area);
        - Decide.png (For Notebooks of "Decide" Area);
        - Explain.png (For Notebooks of "Explain" Area);-->
        <td class="header_text"> Notebook Title </td>
    </tr>
</table>
*Presentation of a small description of the notebook content*
[A](Subsampling.ipynb)
\begin{enumerate}
    \item A
    \item B
\end{enumerate}
[NbConvertApp] Writing 257753 bytes to Template.html

C:\Users\gui_s\Documents\Trabalho_na_Plux\opensignalstools\notebookToHtml>jupyter nbconvert --config="C:/Users/gui_s/Documents/Trabalho_na_Plux/opensignalstools/notebookToHtml/nbconvert_config.py" --to html Template.ipynb
[NbConvertApp] Converting notebook Template.ipynb to html
<link rel="stylesheet" href="../../styles/theme_style.css">
<link rel="stylesheet" href="../../styles/header_style.css">

<table width="100%">
    <tr>
        <td id="image_td" width="15%" class="header_image_1"><img id="image_img" width="60%" src="../../images/Icons/Open.png"></td>
        <!-- Available classes for "image_td" element:
        - header_image_1 (For Notebooks of "Open" Area);
        - header_image_2 (For Notebooks of "Acquire" Area);
        - header_image_3 (For Notebooks of "Visualise" Area);
        - header_image_4 (For Notebooks of "Process" Area);
        - header_image_5 (For Notebooks of "Detect" Area);
        - header_image_6 (For Notebooks of "Extract" Area);
        - header_image_7 (For Notebooks of "Decide" Area);
        - header_image_8 (For Notebooks of "Explain" Area);

        Available icons for "image_img" element:
        - Open.png (For Notebooks of "Open" Area);
        - Acquisition.png (For Notebooks of "Acquire" Area);
        - Visualise.png (For Notebooks of "Visualise" Area);
        - Process.png (For Notebooks of "Process" Area);
        - Detect.png (For Notebooks of "Detect" Area);
        - Extract.png (For Notebooks of "Extract" Area);
        - Decide.png (For Notebooks of "Decide" Area);
        - Explain.png (For Notebooks of "Explain" Area);-->
        <td class="header_text"> Notebook Title </td>
    </tr>
</table>
*Presentation of a small description of the notebook content*
[A](Subsampling.ipynb)
\begin{enumerate}
    \item A
    \item B
\end{enumerate}
[NbConvertApp] Writing 257760 bytes to Template.html

C:\Users\gui_s\Documents\Trabalho_na_Plux\opensignalstools\notebookToHtml>jupyter nbconvert --config="C:/Users/gui_s/Documents/Trabalho_na_Plux/opensignalstools/notebookToHtml/nbconvert_config.py" --to html Template.ipynb
[NbConvertApp] Converting notebook Template.ipynb to html
<link rel="stylesheet" href="../../styles/theme_style.css">
<link rel="stylesheet" href="../../styles/header_style.css">

<table width="100%">
    <tr>
        <td id="image_td" width="15%" class="header_image_1"><img id="image_img" width="60%" src="../../images/Icons/Open.png"></td>
        <!-- Available classes for "image_td" element:
        - header_image_1 (For Notebooks of "Open" Area);
        - header_image_2 (For Notebooks of "Acquire" Area);
        - header_image_3 (For Notebooks of "Visualise" Area);
        - header_image_4 (For Notebooks of "Process" Area);
        - header_image_5 (For Notebooks of "Detect" Area);
        - header_image_6 (For Notebooks of "Extract" Area);
        - header_image_7 (For Notebooks of "Decide" Area);
        - header_image_8 (For Notebooks of "Explain" Area);

        Available icons for "image_img" element:
        - Open.png (For Notebooks of "Open" Area);
        - Acquisition.png (For Notebooks of "Acquire" Area);
        - Visualise.png (For Notebooks of "Visualise" Area);
        - Process.png (For Notebooks of "Process" Area);
        - Detect.png (For Notebooks of "Detect" Area);
        - Extract.png (For Notebooks of "Extract" Area);
        - Decide.png (For Notebooks of "Decide" Area);
        - Explain.png (For Notebooks of "Explain" Area);-->
        <td class="header_text"> Notebook Title </td>
    </tr>
</table>
*Presentation of a small description of the notebook content*
[A](Subsampling.ipynb)
\begin{enumerate}
    \item A
    \item B
\end{enumerate}
[NbConvertApp] Writing 257746 bytes to Template.html

C:\Users\gui_s\Documents\Trabalho_na_Plux\opensignalstools\notebookToHtml>jupyter nbconvert --config="C:/Users/gui_s/Documents/Trabalho_na_Plux/opensignalstools/notebookToHtml/nbconvert_config.py" --to html Template.ipynb
[NbConvertApp] WARNING | pattern 'Template.ipynb' matched no files
This application is used to convert notebook files (*.ipynb) to various other
formats.

WARNING: THE COMMANDLINE INTERFACE MAY CHANGE IN FUTURE RELEASES.

Options
-------

Arguments that take values are actually convenience aliases to full
Configurables, whose aliases are listed on the help line. For more information
on full configurables, see '--help-all'.

--debug
    set log level to logging.DEBUG (maximize logging output)
--generate-config
    generate default config file
-y
    Answer yes to any questions instead of prompting.
--execute
    Execute the notebook prior to export.
--allow-errors
    Continue notebook execution even if one of the cells throws an error and include the error message in the cell output (the default behaviour is to abort conversion). This flag is only relevant if '--execute' was specified, too.
--stdin
    read a single notebook file from stdin. Write the resulting notebook with default basename 'notebook.*'
--stdout
    Write notebook output to stdout instead of files.
--inplace
    Run nbconvert in place, overwriting the existing notebook (only
    relevant when converting to notebook format)
--clear-output
    Clear output of current file and save in place,
    overwriting the existing notebook.
--no-prompt
    Exclude input and output prompts from converted document.
--log-level=<Enum> (Application.log_level)
    Default: 30
    Choices: (0, 10, 20, 30, 40, 50, 'DEBUG', 'INFO', 'WARN', 'ERROR', 'CRITICAL')
    Set the log level by value or name.
--config=<Unicode> (JupyterApp.config_file)
    Default: ''
    Full path of a config file.
--to=<Unicode> (NbConvertApp.export_format)
    Default: 'html'
    The export format to be used, either one of the built-in formats, or a
    dotted object name that represents the import path for an `Exporter` class
--template=<Unicode> (TemplateExporter.template_file)
    Default: ''
    Name of the template file to use
--writer=<DottedObjectName> (NbConvertApp.writer_class)
    Default: 'FilesWriter'
    Writer class used to write the  results of the conversion
--post=<DottedOrNone> (NbConvertApp.postprocessor_class)
    Default: ''
    PostProcessor class used to write the results of the conversion
--output=<Unicode> (NbConvertApp.output_base)
    Default: ''
    overwrite base name use for output files. can only be used when converting
    one notebook at a time.
--output-dir=<Unicode> (FilesWriter.build_directory)
    Default: ''
    Directory to write output(s) to. Defaults to output to the directory of each
    notebook. To recover previous default behaviour (outputting to the current
    working directory) use . as the flag value.
--reveal-prefix=<Unicode> (SlidesExporter.reveal_url_prefix)
    Default: ''
    The URL prefix for reveal.js. This can be a a relative URL for a local copy
    of reveal.js, or point to a CDN.
    For speaker notes to work, a local reveal.js prefix must be used.
--nbformat=<Enum> (NotebookExporter.nbformat_version)
    Default: 4
    Choices: [1, 2, 3, 4]
    The nbformat version to write. Use this to downgrade notebooks.

To see all available configurables, use `--help-all`

Examples
--------

    The simplest way to use nbconvert is

    > jupyter nbconvert mynotebook.ipynb

    which will convert mynotebook.ipynb to the default format (probably HTML).

    You can specify the export format with `--to`.
    Options include ['asciidoc', 'custom', 'html', 'latex', 'markdown', 'notebook', 'pdf', 'python', 'rst', 'script', 'slides']

    > jupyter nbconvert --to latex mynotebook.ipynb

    Both HTML and LaTeX support multiple output templates. LaTeX includes
    'base', 'article' and 'report'.  HTML includes 'basic' and 'full'. You
    can specify the flavor of the format used.

    > jupyter nbconvert --to html --template basic mynotebook.ipynb

    You can also pipe the output to stdout, rather than a file

    > jupyter nbconvert mynotebook.ipynb --stdout

    PDF is generated via latex

    > jupyter nbconvert mynotebook.ipynb --to pdf

    You can get (and serve) a Reveal.js-powered slideshow

    > jupyter nbconvert myslides.ipynb --to slides --post serve

    Multiple notebooks can be given at the command line in a couple of
    different ways:

    > jupyter nbconvert notebook*.ipynb
    > jupyter nbconvert notebook1.ipynb notebook2.ipynb

    or you can specify the notebooks list in a config file, containing::

        c.NbConvertApp.notebooks = ["my_notebook.ipynb"]

    > jupyter nbconvert --config mycfg.py


C:\Users\gui_s\Documents\Trabalho_na_Plux\opensignalstools\notebookToHtml>jupyter nbconvert --config="C:/Users/gui_s/Documents/Trabalho_na_Plux/opensignalstools/notebookToHtml/nbconvert_config.py" --to html Template.ipynb
[NbConvertApp] WARNING | pattern 'Template.ipynb' matched no files
This application is used to convert notebook files (*.ipynb) to various other
formats.

WARNING: THE COMMANDLINE INTERFACE MAY CHANGE IN FUTURE RELEASES.

Options
-------

Arguments that take values are actually convenience aliases to full
Configurables, whose aliases are listed on the help line. For more information
on full configurables, see '--help-all'.

--debug
    set log level to logging.DEBUG (maximize logging output)
--generate-config
    generate default config file
-y
    Answer yes to any questions instead of prompting.
--execute
    Execute the notebook prior to export.
--allow-errors
    Continue notebook execution even if one of the cells throws an error and include the error message in the cell output (the default behaviour is to abort conversion). This flag is only relevant if '--execute' was specified, too.
--stdin
    read a single notebook file from stdin. Write the resulting notebook with default basename 'notebook.*'
--stdout
    Write notebook output to stdout instead of files.
--inplace
    Run nbconvert in place, overwriting the existing notebook (only
    relevant when converting to notebook format)
--clear-output
    Clear output of current file and save in place,
    overwriting the existing notebook.
--no-prompt
    Exclude input and output prompts from converted document.
--log-level=<Enum> (Application.log_level)
    Default: 30
    Choices: (0, 10, 20, 30, 40, 50, 'DEBUG', 'INFO', 'WARN', 'ERROR', 'CRITICAL')
    Set the log level by value or name.
--config=<Unicode> (JupyterApp.config_file)
    Default: ''
    Full path of a config file.
--to=<Unicode> (NbConvertApp.export_format)
    Default: 'html'
    The export format to be used, either one of the built-in formats, or a
    dotted object name that represents the import path for an `Exporter` class
--template=<Unicode> (TemplateExporter.template_file)
    Default: ''
    Name of the template file to use
--writer=<DottedObjectName> (NbConvertApp.writer_class)
    Default: 'FilesWriter'
    Writer class used to write the  results of the conversion
--post=<DottedOrNone> (NbConvertApp.postprocessor_class)
    Default: ''
    PostProcessor class used to write the results of the conversion
--output=<Unicode> (NbConvertApp.output_base)
    Default: ''
    overwrite base name use for output files. can only be used when converting
    one notebook at a time.
--output-dir=<Unicode> (FilesWriter.build_directory)
    Default: ''
    Directory to write output(s) to. Defaults to output to the directory of each
    notebook. To recover previous default behaviour (outputting to the current
    working directory) use . as the flag value.
--reveal-prefix=<Unicode> (SlidesExporter.reveal_url_prefix)
    Default: ''
    The URL prefix for reveal.js. This can be a a relative URL for a local copy
    of reveal.js, or point to a CDN.
    For speaker notes to work, a local reveal.js prefix must be used.
--nbformat=<Enum> (NotebookExporter.nbformat_version)
    Default: 4
    Choices: [1, 2, 3, 4]
    The nbformat version to write. Use this to downgrade notebooks.

To see all available configurables, use `--help-all`

Examples
--------

    The simplest way to use nbconvert is

    > jupyter nbconvert mynotebook.ipynb

    which will convert mynotebook.ipynb to the default format (probably HTML).

    You can specify the export format with `--to`.
    Options include ['asciidoc', 'custom', 'html', 'latex', 'markdown', 'notebook', 'pdf', 'python', 'rst', 'script', 'slides']

    > jupyter nbconvert --to latex mynotebook.ipynb

    Both HTML and LaTeX support multiple output templates. LaTeX includes
    'base', 'article' and 'report'.  HTML includes 'basic' and 'full'. You
    can specify the flavor of the format used.

    > jupyter nbconvert --to html --template basic mynotebook.ipynb

    You can also pipe the output to stdout, rather than a file

    > jupyter nbconvert mynotebook.ipynb --stdout

    PDF is generated via latex

    > jupyter nbconvert mynotebook.ipynb --to pdf

    You can get (and serve) a Reveal.js-powered slideshow

    > jupyter nbconvert myslides.ipynb --to slides --post serve

    Multiple notebooks can be given at the command line in a couple of
    different ways:

    > jupyter nbconvert notebook*.ipynb
    > jupyter nbconvert notebook1.ipynb notebook2.ipynb

    or you can specify the notebooks list in a config file, containing::

        c.NbConvertApp.notebooks = ["my_notebook.ipynb"]

    > jupyter nbconvert --config mycfg.py


C:\Users\gui_s\Documents\Trabalho_na_Plux\opensignalstools\notebookToHtml>cd oldFiles

C:\Users\gui_s\Documents\Trabalho_na_Plux\opensignalstools\notebookToHtml\oldFiles>jupyter nbconvert --config="C:/Users/gui_s/Documents/Trabalho_na_Plux/opensignalstools/notebookToHtml/nbconvert_config.py" --to html Template.ipynb
Traceback (most recent call last):
  File "c:\python362\lib\runpy.py", line 193, in _run_module_as_main
    "__main__", mod_spec)
  File "c:\python362\lib\runpy.py", line 85, in _run_code
    exec(code, run_globals)
  File "C:\Python362\Scripts\jupyter-nbconvert.EXE\__main__.py", line 9, in <module>
  File "c:\python362\lib\site-packages\jupyter_core\application.py", line 266, in launch_instance
    return super(JupyterApp, cls).launch_instance(argv=argv, **kwargs)
  File "c:\python362\lib\site-packages\traitlets\config\application.py", line 658, in launch_instance
    app.start()
  File "c:\python362\lib\site-packages\nbconvert\nbconvertapp.py", line 325, in start
    self.convert_notebooks()
  File "c:\python362\lib\site-packages\nbconvert\nbconvertapp.py", line 483, in convert_notebooks
    self.exporter = cls(config=self.config)
  File "c:\python362\lib\site-packages\nbconvert\exporters\templateexporter.py", line 243, in __init__
    super(TemplateExporter, self).__init__(config=config, **kw)
  File "c:\python362\lib\site-packages\nbconvert\exporters\exporter.py", line 105, in __init__
    self._init_preprocessors()
  File "c:\python362\lib\site-packages\nbconvert\exporters\exporter.py", line 259, in _init_preprocessors
    self.register_preprocessor(preprocessor, enabled=True)
  File "c:\python362\lib\site-packages\nbconvert\exporters\exporter.py", line 220, in register_preprocessor
    preprocessor_cls = import_item(preprocessor)
  File "c:\python362\lib\site-packages\traitlets\utils\importstring.py", line 34, in import_item
    module = __import__(package, fromlist=[obj])
ModuleNotFoundError: No module named 'CustomPreprocessor'

C:\Users\gui_s\Documents\Trabalho_na_Plux\opensignalstools\notebookToHtml\oldFiles>jupyter nbconvert --config="C:/Users/gui_s/Documents/Trabalho_na_Plux/opensignalstools/notebookToHtml/nbconvert_config.py" --to html Template.ipynb
[NbConvertApp] Converting notebook Template.ipynb to html
[NbConvertApp] Writing 257750 bytes to Template.html

C:\Users\gui_s\Documents\Trabalho_na_Plux\opensignalstools\notebookToHtml\oldFiles>jupyter nbconvert --config="C:/Users/gui_s/Documents/Trabalho_na_Plux/opensignalstools/notebookToHtml/nbconvert_config.py" --to html Template.ipynb
[NbConvertApp] Converting notebook Template.ipynb to html
[NbConvertApp] Writing 257992 bytes to Template.html

C:\Users\gui_s\Documents\Trabalho_na_Plux\opensignalstools\notebookToHtml\oldFiles>jupyter nbconvert --config="C:/Users/gui_s/Documents/Trabalho_na_Plux/opensignalstools/notebookToHtml/nbconvert_config.py" --to html Template.ipynb
[NbConvertApp] Converting notebook Template.ipynb to html
[NbConvertApp] Writing 257858 bytes to Template.html

C:\Users\gui_s\Documents\Trabalho_na_Plux\opensignalstools\notebookToHtml\oldFiles>jupyter nbconvert --config="C:/Users/gui_s/Documents/Trabalho_na_Plux/opensignalstools/notebookToHtml/nbconvert_config.py" --to html Template.ipynb